// Jest Snapshot v1, https://goo.gl/fbAQLP

exports[`DownloadFile matches snapshot 1`] = `ShallowWrapper {}`;
