// Jest Snapshot v1, https://goo.gl/fbAQLP

exports[`FileAttributes matches snapshot 1`] = `ShallowWrapper {}`;
