// Jest Snapshot v1, https://goo.gl/fbAQLP

exports[`ProcessFile matches snapshot 1`] = `ShallowWrapper {}`;
