// Jest Snapshot v1, https://goo.gl/fbAQLP

exports[`RenderResults matches snapshot 1`] = `ShallowWrapper {}`;
