// Jest Snapshot v1, https://goo.gl/fbAQLP

exports[`RenderAnalysis matches snapshot 1`] = `ShallowWrapper {}`;
